../Core/Src/main.c:77:6:delay	16	static
../Core/Src/main.c:92:6:Set_Pin_Output	40	static
../Core/Src/main.c:101:6:Set_Pin_Input	40	static
../Core/Src/main.c:115:9:DS18B20_Start	16	static
../Core/Src/main.c:133:6:DS18B20_Write	24	static
../Core/Src/main.c:165:9:DS18B20_Read	16	static
../Core/Src/main.c:209:6:__io_putchar	16	static
../Core/Src/main.c:220:5:main	16	static
../Core/Src/main.c:314:6:SystemClock_Config	160	static
../Core/Src/main.c:364:13:MX_ADC1_Init	48	static
../Core/Src/main.c:431:13:MX_TIM3_Init	40	static
../Core/Src/main.c:476:13:MX_TIM6_Init	24	static
../Core/Src/main.c:514:13:MX_USART2_UART_Init	40	static
../Core/Src/main.c:562:13:MX_GPIO_Init	48	static
../Core/Src/main.c:593:6:HAL_TIM_PeriodElapsedCallback	16	static
../Core/Src/main.c:599:10:pa0_adc_read	8	static
../Core/Src/main.c:604:6:adc_start	8	static
../Core/Src/main.c:611:6:HAL_GPIO_EXTI_Callback	16	static
../Core/Src/main.c:618:6:EXTI15_10_IRQHandler	8	static
../Core/Src/main.c:628:6:calibration	24	static
../Core/Src/main.c:638:6:ecCalibration	24	static
../Core/Src/main.c:727:6:analizeCMD	24	static
../Core/Src/main.c:754:6:Error_Handler	4	static,ignoring_inline_asm
